// Jest Snapshot v1, https://goo.gl/fbAQLP

exports[`BusLinesComponent when build form 1`] = `
Object {
  "pageSize": 10,
  "search": null,
}
`;
